# serializer version: 1
# name: test_c_macromap_32b
  '''
  /*
   * Snapshotter32B Register Map.
   * Note: Do not edit: Generated using Reginald.
   */
  #ifndef C_MACROMAP_SNAPSHOT_32B_H_
  #define C_MACROMAP_SNAPSHOT_32B_H_
  
  
  // === BASIC ===================================================================
  
  #define SNAPSHOTTER32B__REG_BASIC (0x0U) // Register address.
  #define SNAPSHOTTER32B__REG_BASIC__FIELD_FIELD0 (0xfffffe00U) // Field mask.
  #define SNAPSHOTTER32B__REG_BASIC__FIELD_FIELD1 (0xc0U) // Field mask.
  #define SNAPSHOTTER32B__REG_BASIC__FIELD_FIELD2 (0x20U) // Field mask.
  #define SNAPSHOTTER32B__REG_BASIC__FIELD_FIELD3 (0x18U) // Field mask.
  #define SNAPSHOTTER32B__REG_BASIC__FIELD_FIELD4 (0x6U) // Field mask.
  #define SNAPSHOTTER32B__REG_BASIC__FIELD_FIELD5 (0x1U) // Field mask.
  
  // === COMPLICATED =============================================================
  // Status.
  // More extensive documentation.
  
  #define SNAPSHOTTER32B__REG_COMPLICATED (0xfU) // Register address "Status.".
  #define SNAPSHOTTER32B__REG_COMPLICATED__RESET (0xffffffffU) // Reset value.
  #define SNAPSHOTTER32B__REG_COMPLICATED__ALWAYS_WRITE_MASK (0xc30U) // Always-write bit mask.
  #define SNAPSHOTTER32B__REG_COMPLICATED__ALWAYS_WRITE_VAL (0xc10U) //  Always-write value.
  #define SNAPSHOTTER32B__REG_COMPLICATED__FIELD_FIELD1 (0xc0U) // Field mask.
  #define SNAPSHOTTER32B__REG_COMPLICATED__FIELD_FIELD1__CONST_COOL (0x1U) // Constant "All cool.".
  #define SNAPSHOTTER32B__REG_COMPLICATED__FIELD_FIELD1__CONST_NOT_COOL (0x2U) // Constant "All not so cool.".
  #define SNAPSHOTTER32B__REG_COMPLICATED__FIELD_FIELD1__CONST_HOT (0x3U) // Constant "All pretty hot.".
  #define SNAPSHOTTER32B__REG_COMPLICATED__FIELD_FIELD2 (0xfU) // Field mask "Another cool field.".
  #define SNAPSHOTTER32B__REG_COMPLICATED__FIELD_FIELD2__CONST_EN (0x3U) // Constant "Is on.".
  
  // === CHn_CNFG ================================================================
  
  #define SNAPSHOTTER32B__REG_CH1_CNFG (0x10U) // Register address.
  #define SNAPSHOTTER32B__REG_CH2_CNFG (0x20U) // Register address.
  #define SNAPSHOTTER32B__REG_CH3_CNFG (0x30U) // Register address.
  #define SNAPSHOTTER32B__REG_CHN_CNFG__OFFSET (0x0U) // Offset of CHn_CNFG register from start of CHn block.
  #define SNAPSHOTTER32B__REG_CHN_CNFG__RESET (0x0U) // Reset value.
  #define SNAPSHOTTER32B__REG_CHN_CNFG__FIELD_Y (0xc0000000U) // Field mask.
  #define SNAPSHOTTER32B__REG_CHN_CNFG__FIELD_A (0x1U) // Field mask "Controls value A".
  #define SNAPSHOTTER32B__REG_CHN_CNFG__FIELD_A__CONST_ON (0x1U) // Constant.
  #define SNAPSHOTTER32B__REG_CHN_CNFG__FIELD_A__CONST_OFF (0x0U) // Constant.
  
  // === CHn_STATUS ==============================================================
  
  #define SNAPSHOTTER32B__REG_CH1_STATUS (0x11U) // Register address.
  #define SNAPSHOTTER32B__REG_CH2_STATUS (0x21U) // Register address.
  #define SNAPSHOTTER32B__REG_CH3_STATUS (0x31U) // Register address.
  #define SNAPSHOTTER32B__REG_CHN_STATUS__OFFSET (0x1U) // Offset of CHn_STATUS register from start of CHn block.
  #define SNAPSHOTTER32B__REG_CHN_STATUS__RESET (0x0U) // Reset value.
  #define SNAPSHOTTER32B__REG_CHN_STATUS__FIELD_STATUS (0x7U) // Field mask "Status".
  #define SNAPSHOTTER32B__REG_CHN_STATUS__FIELD_STATUS__CONST_COOL (0x1U) // Constant "All cool.".
  #define SNAPSHOTTER32B__REG_CHN_STATUS__FIELD_STATUS__CONST_NOT_COOL (0x2U) // Constant "All not so cool.".
  #define SNAPSHOTTER32B__REG_CHN_STATUS__FIELD_STATUS__CONST_HOT (0x3U) // Constant "All pretty hot.".
  
  // === CHn =====================================================================
  
  #define SNAPSHOTTER32B__BLOCK_CHN__START_CH1 (0x10U) // Start of CH1 register block.
  #define SNAPSHOTTER32B__BLOCK_CHN__START_CH2 (0x20U) // Start of CH2 register block.
  #define SNAPSHOTTER32B__BLOCK_CHN__START_CH3 (0x30U) // Start of CH3 register block.
  
  #endif /* C_MACROMAP_SNAPSHOT_32B_H_ */
  '''
# ---
# name: test_c_macromap_64b
  '''
  /*
   * Snapshotter64B Register Map.
   * Note: Do not edit: Generated using Reginald.
   */
  #ifndef C_MACROMAP_SNAPSHOT_64B_H_
  #define C_MACROMAP_SNAPSHOT_64B_H_
  
  
  // === BASIC ===================================================================
  
  #define SNAPSHOTTER64B__REG_BASIC (0x0U) // Register address.
  #define SNAPSHOTTER64B__REG_BASIC__FIELD_FIELD0 (0xfffffffffffffe00U) // Field mask.
  #define SNAPSHOTTER64B__REG_BASIC__FIELD_FIELD1 (0xc0U) // Field mask.
  #define SNAPSHOTTER64B__REG_BASIC__FIELD_FIELD2 (0x20U) // Field mask.
  #define SNAPSHOTTER64B__REG_BASIC__FIELD_FIELD3 (0x18U) // Field mask.
  #define SNAPSHOTTER64B__REG_BASIC__FIELD_FIELD4 (0x6U) // Field mask.
  #define SNAPSHOTTER64B__REG_BASIC__FIELD_FIELD5 (0x1U) // Field mask.
  
  // === COMPLICATED =============================================================
  // Status.
  // More extensive documentation.
  
  #define SNAPSHOTTER64B__REG_COMPLICATED (0xfU) // Register address "Status.".
  #define SNAPSHOTTER64B__REG_COMPLICATED__RESET (0xffffffffU) // Reset value.
  #define SNAPSHOTTER64B__REG_COMPLICATED__ALWAYS_WRITE_MASK (0xc30U) // Always-write bit mask.
  #define SNAPSHOTTER64B__REG_COMPLICATED__ALWAYS_WRITE_VAL (0xc10U) //  Always-write value.
  #define SNAPSHOTTER64B__REG_COMPLICATED__FIELD_FIELD1 (0xc0U) // Field mask.
  #define SNAPSHOTTER64B__REG_COMPLICATED__FIELD_FIELD1__CONST_COOL (0x1U) // Constant "All cool.".
  #define SNAPSHOTTER64B__REG_COMPLICATED__FIELD_FIELD1__CONST_NOT_COOL (0x2U) // Constant "All not so cool.".
  #define SNAPSHOTTER64B__REG_COMPLICATED__FIELD_FIELD1__CONST_HOT (0x3U) // Constant "All pretty hot.".
  #define SNAPSHOTTER64B__REG_COMPLICATED__FIELD_FIELD2 (0xfU) // Field mask "Another cool field.".
  #define SNAPSHOTTER64B__REG_COMPLICATED__FIELD_FIELD2__CONST_EN (0x3U) // Constant "Is on.".
  
  // === CHn_CNFG ================================================================
  
  #define SNAPSHOTTER64B__REG_CH1_CNFG (0x10U) // Register address.
  #define SNAPSHOTTER64B__REG_CH2_CNFG (0x20U) // Register address.
  #define SNAPSHOTTER64B__REG_CH3_CNFG (0x30U) // Register address.
  #define SNAPSHOTTER64B__REG_CHN_CNFG__OFFSET (0x0U) // Offset of CHn_CNFG register from start of CHn block.
  #define SNAPSHOTTER64B__REG_CHN_CNFG__RESET (0x0U) // Reset value.
  #define SNAPSHOTTER64B__REG_CHN_CNFG__FIELD_Y (0xffffffffc0000000U) // Field mask.
  #define SNAPSHOTTER64B__REG_CHN_CNFG__FIELD_A (0x1U) // Field mask "Controls value A".
  #define SNAPSHOTTER64B__REG_CHN_CNFG__FIELD_A__CONST_ON (0x1U) // Constant.
  #define SNAPSHOTTER64B__REG_CHN_CNFG__FIELD_A__CONST_OFF (0x0U) // Constant.
  
  // === CHn_STATUS ==============================================================
  
  #define SNAPSHOTTER64B__REG_CH1_STATUS (0x11U) // Register address.
  #define SNAPSHOTTER64B__REG_CH2_STATUS (0x21U) // Register address.
  #define SNAPSHOTTER64B__REG_CH3_STATUS (0x31U) // Register address.
  #define SNAPSHOTTER64B__REG_CHN_STATUS__OFFSET (0x1U) // Offset of CHn_STATUS register from start of CHn block.
  #define SNAPSHOTTER64B__REG_CHN_STATUS__RESET (0x0U) // Reset value.
  #define SNAPSHOTTER64B__REG_CHN_STATUS__FIELD_STATUS (0x7U) // Field mask "Status".
  #define SNAPSHOTTER64B__REG_CHN_STATUS__FIELD_STATUS__CONST_COOL (0x1U) // Constant "All cool.".
  #define SNAPSHOTTER64B__REG_CHN_STATUS__FIELD_STATUS__CONST_NOT_COOL (0x2U) // Constant "All not so cool.".
  #define SNAPSHOTTER64B__REG_CHN_STATUS__FIELD_STATUS__CONST_HOT (0x3U) // Constant "All pretty hot.".
  
  // === CHn =====================================================================
  
  #define SNAPSHOTTER64B__BLOCK_CHN__START_CH1 (0x10U) // Start of CH1 register block.
  #define SNAPSHOTTER64B__BLOCK_CHN__START_CH2 (0x20U) // Start of CH2 register block.
  #define SNAPSHOTTER64B__BLOCK_CHN__START_CH3 (0x30U) // Start of CH3 register block.
  
  #endif /* C_MACROMAP_SNAPSHOT_64B_H_ */
  '''
# ---
# name: test_c_macromap_8b
  '''
  /*
   * Snapshotter8B Register Map.
   * Note: Do not edit: Generated using Reginald.
   */
  #ifndef C_MACROMAP_SNAPSHOT_8B_H_
  #define C_MACROMAP_SNAPSHOT_8B_H_
  
  
  // === BASIC ===================================================================
  
  #define SNAPSHOTTER8B__REG_BASIC (0x0U) // Register address.
  #define SNAPSHOTTER8B__REG_BASIC__FIELD_FIELD1 (0xc0U) // Field mask.
  #define SNAPSHOTTER8B__REG_BASIC__FIELD_FIELD2 (0x20U) // Field mask.
  #define SNAPSHOTTER8B__REG_BASIC__FIELD_FIELD3 (0x18U) // Field mask.
  #define SNAPSHOTTER8B__REG_BASIC__FIELD_FIELD4 (0x6U) // Field mask.
  #define SNAPSHOTTER8B__REG_BASIC__FIELD_FIELD5 (0x1U) // Field mask.
  
  // === COMPLICATED =============================================================
  // Status.
  // More extensive documentation.
  
  #define SNAPSHOTTER8B__REG_COMPLICATED (0xfU) // Register address "Status.".
  #define SNAPSHOTTER8B__REG_COMPLICATED__RESET (0x0U) // Reset value.
  #define SNAPSHOTTER8B__REG_COMPLICATED__ALWAYS_WRITE_MASK (0x30U) // Always-write bit mask.
  #define SNAPSHOTTER8B__REG_COMPLICATED__ALWAYS_WRITE_VAL (0x10U) //  Always-write value.
  #define SNAPSHOTTER8B__REG_COMPLICATED__FIELD_FIELD1 (0xc0U) // Field mask.
  #define SNAPSHOTTER8B__REG_COMPLICATED__FIELD_FIELD1__CONST_COOL (0x1U) // Constant "All cool.".
  #define SNAPSHOTTER8B__REG_COMPLICATED__FIELD_FIELD1__CONST_NOT_COOL (0x2U) // Constant "All not so cool.".
  #define SNAPSHOTTER8B__REG_COMPLICATED__FIELD_FIELD1__CONST_HOT (0x3U) // Constant "All pretty hot.".
  #define SNAPSHOTTER8B__REG_COMPLICATED__FIELD_FIELD2 (0xfU) // Field mask "Another cool field.".
  #define SNAPSHOTTER8B__REG_COMPLICATED__FIELD_FIELD2__CONST_EN (0x3U) // Constant "Is on.".
  
  // === CHn_CNFG ================================================================
  
  #define SNAPSHOTTER8B__REG_CH1_CNFG (0x10U) // Register address.
  #define SNAPSHOTTER8B__REG_CH2_CNFG (0x20U) // Register address.
  #define SNAPSHOTTER8B__REG_CH3_CNFG (0x30U) // Register address.
  #define SNAPSHOTTER8B__REG_CHN_CNFG__OFFSET (0x0U) // Offset of CHn_CNFG register from start of CHn block.
  #define SNAPSHOTTER8B__REG_CHN_CNFG__RESET (0x0U) // Reset value.
  #define SNAPSHOTTER8B__REG_CHN_CNFG__FIELD_A (0x1U) // Field mask "Controls value A".
  #define SNAPSHOTTER8B__REG_CHN_CNFG__FIELD_A__CONST_ON (0x1U) // Constant.
  #define SNAPSHOTTER8B__REG_CHN_CNFG__FIELD_A__CONST_OFF (0x0U) // Constant.
  
  // === CHn_STATUS ==============================================================
  
  #define SNAPSHOTTER8B__REG_CH1_STATUS (0x11U) // Register address.
  #define SNAPSHOTTER8B__REG_CH2_STATUS (0x21U) // Register address.
  #define SNAPSHOTTER8B__REG_CH3_STATUS (0x31U) // Register address.
  #define SNAPSHOTTER8B__REG_CHN_STATUS__OFFSET (0x1U) // Offset of CHn_STATUS register from start of CHn block.
  #define SNAPSHOTTER8B__REG_CHN_STATUS__RESET (0x0U) // Reset value.
  #define SNAPSHOTTER8B__REG_CHN_STATUS__FIELD_STATUS (0x7U) // Field mask "Status".
  #define SNAPSHOTTER8B__REG_CHN_STATUS__FIELD_STATUS__CONST_COOL (0x1U) // Constant "All cool.".
  #define SNAPSHOTTER8B__REG_CHN_STATUS__FIELD_STATUS__CONST_NOT_COOL (0x2U) // Constant "All not so cool.".
  #define SNAPSHOTTER8B__REG_CHN_STATUS__FIELD_STATUS__CONST_HOT (0x3U) // Constant "All pretty hot.".
  
  // === CHn =====================================================================
  
  #define SNAPSHOTTER8B__BLOCK_CHN__START_CH1 (0x10U) // Start of CH1 register block.
  #define SNAPSHOTTER8B__BLOCK_CHN__START_CH2 (0x20U) // Start of CH2 register block.
  #define SNAPSHOTTER8B__BLOCK_CHN__START_CH3 (0x30U) // Start of CH3 register block.
  
  #endif /* C_MACROMAP_SNAPSHOT_8B_H_ */
  '''
# ---
# name: test_c_macromap_9b
  '''
  /*
   * Snapshotter9B Register Map.
   * Note: Do not edit: Generated using Reginald.
   */
  #ifndef C_MACROMAP_SNAPSHOT_9B_H_
  #define C_MACROMAP_SNAPSHOT_9B_H_
  
  
  // === BASIC ===================================================================
  
  #define SNAPSHOTTER9B__REG_BASIC (0x0U) // Register address.
  #define SNAPSHOTTER9B__REG_BASIC__FIELD_FIELD0 (0x100U) // Field mask.
  #define SNAPSHOTTER9B__REG_BASIC__FIELD_FIELD1 (0xc0U) // Field mask.
  #define SNAPSHOTTER9B__REG_BASIC__FIELD_FIELD2 (0x20U) // Field mask.
  #define SNAPSHOTTER9B__REG_BASIC__FIELD_FIELD3 (0x18U) // Field mask.
  #define SNAPSHOTTER9B__REG_BASIC__FIELD_FIELD4 (0x6U) // Field mask.
  #define SNAPSHOTTER9B__REG_BASIC__FIELD_FIELD5 (0x1U) // Field mask.
  
  // === COMPLICATED =============================================================
  // Status.
  // More extensive documentation.
  
  #define SNAPSHOTTER9B__REG_COMPLICATED (0xfU) // Register address "Status.".
  #define SNAPSHOTTER9B__REG_COMPLICATED__RESET (0x0U) // Reset value.
  #define SNAPSHOTTER9B__REG_COMPLICATED__ALWAYS_WRITE_MASK (0x30U) // Always-write bit mask.
  #define SNAPSHOTTER9B__REG_COMPLICATED__ALWAYS_WRITE_VAL (0x10U) //  Always-write value.
  #define SNAPSHOTTER9B__REG_COMPLICATED__FIELD_FIELD1 (0x1c0U) // Field mask.
  #define SNAPSHOTTER9B__REG_COMPLICATED__FIELD_FIELD1__CONST_COOL (0x1U) // Constant "All cool.".
  #define SNAPSHOTTER9B__REG_COMPLICATED__FIELD_FIELD1__CONST_NOT_COOL (0x2U) // Constant "All not so cool.".
  #define SNAPSHOTTER9B__REG_COMPLICATED__FIELD_FIELD1__CONST_HOT (0x3U) // Constant "All pretty hot.".
  #define SNAPSHOTTER9B__REG_COMPLICATED__FIELD_FIELD2 (0xfU) // Field mask "Another cool field.".
  #define SNAPSHOTTER9B__REG_COMPLICATED__FIELD_FIELD2__CONST_EN (0x3U) // Constant "Is on.".
  
  // === CHn_CNFG ================================================================
  
  #define SNAPSHOTTER9B__REG_CH1_CNFG (0x10U) // Register address.
  #define SNAPSHOTTER9B__REG_CH2_CNFG (0x20U) // Register address.
  #define SNAPSHOTTER9B__REG_CH3_CNFG (0x30U) // Register address.
  #define SNAPSHOTTER9B__REG_CHN_CNFG__OFFSET (0x0U) // Offset of CHn_CNFG register from start of CHn block.
  #define SNAPSHOTTER9B__REG_CHN_CNFG__RESET (0x0U) // Reset value.
  #define SNAPSHOTTER9B__REG_CHN_CNFG__FIELD_A (0x180U) // Field mask "Controls value A".
  #define SNAPSHOTTER9B__REG_CHN_CNFG__FIELD_A__CONST_ON (0x1U) // Constant.
  #define SNAPSHOTTER9B__REG_CHN_CNFG__FIELD_A__CONST_OFF (0x0U) // Constant.
  
  // === CHn_STATUS ==============================================================
  
  #define SNAPSHOTTER9B__REG_CH1_STATUS (0x11U) // Register address.
  #define SNAPSHOTTER9B__REG_CH2_STATUS (0x21U) // Register address.
  #define SNAPSHOTTER9B__REG_CH3_STATUS (0x31U) // Register address.
  #define SNAPSHOTTER9B__REG_CHN_STATUS__OFFSET (0x1U) // Offset of CHn_STATUS register from start of CHn block.
  #define SNAPSHOTTER9B__REG_CHN_STATUS__RESET (0x0U) // Reset value.
  #define SNAPSHOTTER9B__REG_CHN_STATUS__FIELD_STATUS (0x7U) // Field mask "Status".
  #define SNAPSHOTTER9B__REG_CHN_STATUS__FIELD_STATUS__CONST_COOL (0x1U) // Constant "All cool.".
  #define SNAPSHOTTER9B__REG_CHN_STATUS__FIELD_STATUS__CONST_NOT_COOL (0x2U) // Constant "All not so cool.".
  #define SNAPSHOTTER9B__REG_CHN_STATUS__FIELD_STATUS__CONST_HOT (0x3U) // Constant "All pretty hot.".
  
  // === CHn =====================================================================
  
  #define SNAPSHOTTER9B__BLOCK_CHN__START_CH1 (0x10U) // Start of CH1 register block.
  #define SNAPSHOTTER9B__BLOCK_CHN__START_CH2 (0x20U) // Start of CH2 register block.
  #define SNAPSHOTTER9B__BLOCK_CHN__START_CH3 (0x30U) // Start of CH3 register block.
  
  #endif /* C_MACROMAP_SNAPSHOT_9B_H_ */
  '''
# ---
